// Jest Snapshot v1, https://goo.gl/fbAQLP

exports[`Button should render a snapshot 1`] = `
.c0 {
  display: flex;
  align-items: center;
  justify-content: center;
  gap: .8rem;
  padding: 1.6rem;
  border: 1px solid #131118;
  border-radius: .8rem;
  font-weight: 600;
  text-transform: capitalize;
  outline: none;
  cursor: pointer;
  transition: all 150ms ease-in-out;
  background-color: #ffffff;
  color: #131118;
}

.c0:hover {
  filter: brightness(0.95);
}

.c0:active {
  transform: scale(1.03);
}

.c0:disabled {
  opacity: 0.1;
  pointer-events: none;
}

<button
  class="c0"
  variant="secondary"
>
  button
</button>
`;
