// Jest Snapshot v1, https://goo.gl/fbAQLP

exports[`Heading should render a snapshot 1`] = `
.c0 {
  font-size: 1.6rem;
  font-weight: normal;
}

<div>
  <h1
    class="c0"
  >
    test
  </h1>
</div>
`;
